// Vitest Snapshot v1, https://vitest.dev/guide/snapshot.html

exports[`Dashboard page snapshots — shared-primitive layout regression > AuditReadinessPage: scorecard, area bars, accordion, vault use brand tokens 1`] = `
<div
  data-testid="dashboard-layout-mock"
>
  <div
    class="bg-fyn-ink rounded-xl p-8 mb-6 text-center"
  >
    <p
      class="text-white/40 text-xs fyn-label mb-2"
    >
      AUDIT READINESS SCORE
    </p>
    <p
      class="text-[72px] font-bold leading-none text-accent font-sans"
    >
      67
    </p>
    <p
      class="text-white/40 text-base"
    >
      /100 — Moderate Risk
    </p>
    <p
      class="text-white/50 text-sm mt-2"
    >
      If a GST officer walked in today, these are the 5 things you'd need to explain.
    </p>
    <button
      class="mt-4 text-fyn-red text-sm font-medium hover:underline"
    >
      Improve your score →
    </button>
  </div>
  <div
    class="bg-fyn-beige-dark border border-fyn-ink-10 rounded-lg p-5 mb-6"
  >
    <h3
      class="text-fyn-ink text-lg mb-4 font-sans"
    >
      Readiness by Area
    </h3>
    <div
      class="space-y-3"
    >
      <div
        class="flex items-center gap-4"
      >
        <span
          class="text-sm w-40 font-sans text-secondary-foreground"
        >
          GST Records
        </span>
        <div
          class="flex-1 h-3 bg-fyn-ink/5 rounded-full overflow-hidden"
        >
          <div
            class="h-3 rounded-full transition-all"
            style="width: 72%; background: rgb(139, 90, 0);"
          />
        </div>
        <span
          class="text-fyn-ink/60 fyn-metric text-sm w-16 text-right"
        >
          72
          /100
        </span>
      </div>
      <div
        class="flex items-center gap-4"
      >
        <span
          class="text-sm w-40 font-sans text-secondary-foreground"
        >
          Cash Documentation
        </span>
        <div
          class="flex-1 h-3 bg-fyn-ink/5 rounded-full overflow-hidden"
        >
          <div
            class="h-3 rounded-full transition-all"
            style="width: 81%; background: rgb(26, 107, 60);"
          />
        </div>
        <span
          class="text-fyn-ink/60 fyn-metric text-sm w-16 text-right"
        >
          81
          /100
        </span>
      </div>
      <div
        class="flex items-center gap-4"
      >
        <span
          class="text-sm w-40 font-sans text-secondary-foreground"
        >
          Vendor Contracts
        </span>
        <div
          class="flex-1 h-3 bg-fyn-ink/5 rounded-full overflow-hidden"
        >
          <div
            class="h-3 rounded-full transition-all"
            style="width: 54%; background: rgb(196, 30, 30);"
          />
        </div>
        <span
          class="text-fyn-ink/60 fyn-metric text-sm w-16 text-right"
        >
          54
          /100
        </span>
      </div>
      <div
        class="flex items-center gap-4"
      >
        <span
          class="text-sm w-40 font-sans text-secondary-foreground"
        >
          Invoice Compliance
        </span>
        <div
          class="flex-1 h-3 bg-fyn-ink/5 rounded-full overflow-hidden"
        >
          <div
            class="h-3 rounded-full transition-all"
            style="width: 89%; background: rgb(26, 107, 60);"
          />
        </div>
        <span
          class="text-fyn-ink/60 fyn-metric text-sm w-16 text-right"
        >
          89
          /100
        </span>
      </div>
      <div
        class="flex items-center gap-4"
      >
        <span
          class="text-sm w-40 font-sans text-secondary-foreground"
        >
          TDS Records
        </span>
        <div
          class="flex-1 h-3 bg-fyn-ink/5 rounded-full overflow-hidden"
        >
          <div
            class="h-3 rounded-full transition-all"
            style="width: 71%; background: rgb(139, 90, 0);"
          />
        </div>
        <span
          class="text-fyn-ink/60 fyn-metric text-sm w-16 text-right"
        >
          71
          /100
        </span>
      </div>
      <div
        class="flex items-center gap-4"
      >
        <span
          class="text-sm w-40 font-sans text-secondary-foreground"
        >
          Labour Records
        </span>
        <div
          class="flex-1 h-3 bg-fyn-ink/5 rounded-full overflow-hidden"
        >
          <div
            class="h-3 rounded-full transition-all"
            style="width: 61%; background: rgb(139, 90, 0);"
          />
        </div>
        <span
          class="text-fyn-ink/60 fyn-metric text-sm w-16 text-right"
        >
          61
          /100
        </span>
      </div>
    </div>
  </div>
  <div
    class="bg-fyn-beige-dark border border-fyn-ink-10 rounded-lg p-5 mb-6"
  >
    <h3
      class="text-fyn-ink text-lg mb-4 font-sans"
    >
      What Auditors Check
    </h3>
    <div
      class="space-y-2"
    >
      <div
        class="border border-fyn-ink-10 rounded-lg overflow-hidden"
      >
        <button
          class="w-full flex items-center justify-between p-4 hover:bg-fyn-beige transition-colors text-left"
        >
          <div
            class="flex items-center gap-3"
          >
            <span
              class="text-[10px] px-2 py-0.5 rounded bg-[#C41E1E]/10 text-[#C41E1E]"
            >
              HIGH
            </span>
            <span
              class="text-fyn-ink font-medium text-sm font-sans"
            >
              GST Record Maintenance
            </span>
          </div>
          <span
            class="text-fyn-ink/30"
          >
            ▼
          </span>
        </button>
      </div>
      <div
        class="border border-fyn-ink-10 rounded-lg overflow-hidden"
      >
        <button
          class="w-full flex items-center justify-between p-4 hover:bg-fyn-beige transition-colors text-left"
        >
          <div
            class="flex items-center gap-3"
          >
            <span
              class="text-[10px] px-2 py-0.5 rounded bg-amber-100 text-[#8B5A00]"
            >
              MEDIUM
            </span>
            <span
              class="text-fyn-ink font-medium text-sm font-sans"
            >
              Cash and Bank Records
            </span>
          </div>
          <span
            class="text-fyn-ink/30"
          >
            ▼
          </span>
        </button>
      </div>
      <div
        class="border border-fyn-ink-10 rounded-lg overflow-hidden"
      >
        <button
          class="w-full flex items-center justify-between p-4 hover:bg-fyn-beige transition-colors text-left"
        >
          <div
            class="flex items-center gap-3"
          >
            <span
              class="text-[10px] px-2 py-0.5 rounded bg-[#C41E1E]/10 text-[#C41E1E]"
            >
              HIGH
            </span>
            <span
              class="text-fyn-ink font-medium text-sm font-sans"
            >
              Vendor Documentation
            </span>
          </div>
          <span
            class="text-fyn-ink/30"
          >
            ▼
          </span>
        </button>
      </div>
      <div
        class="border border-fyn-ink-10 rounded-lg overflow-hidden"
      >
        <button
          class="w-full flex items-center justify-between p-4 hover:bg-fyn-beige transition-colors text-left"
        >
          <div
            class="flex items-center gap-3"
          >
            <span
              class="text-[10px] px-2 py-0.5 rounded bg-[#1A6B3C]/10 text-[#1A6B3C]"
            >
              LOW
            </span>
            <span
              class="text-fyn-ink font-medium text-sm font-sans"
            >
              Invoice Compliance
            </span>
          </div>
          <span
            class="text-fyn-ink/30"
          >
            ▼
          </span>
        </button>
      </div>
      <div
        class="border border-fyn-ink-10 rounded-lg overflow-hidden"
      >
        <button
          class="w-full flex items-center justify-between p-4 hover:bg-fyn-beige transition-colors text-left"
        >
          <div
            class="flex items-center gap-3"
          >
            <span
              class="text-[10px] px-2 py-0.5 rounded bg-amber-100 text-[#8B5A00]"
            >
              MEDIUM
            </span>
            <span
              class="text-fyn-ink font-medium text-sm font-sans"
            >
              TDS Records
            </span>
          </div>
          <span
            class="text-fyn-ink/30"
          >
            ▼
          </span>
        </button>
      </div>
      <div
        class="border border-fyn-ink-10 rounded-lg overflow-hidden"
      >
        <button
          class="w-full flex items-center justify-between p-4 hover:bg-fyn-beige transition-colors text-left"
        >
          <div
            class="flex items-center gap-3"
          >
            <span
              class="text-[10px] px-2 py-0.5 rounded bg-[#1A6B3C]/10 text-[#1A6B3C]"
            >
              LOW
            </span>
            <span
              class="text-fyn-ink font-medium text-sm font-sans"
            >
              Director / Partner Compliance
            </span>
          </div>
          <span
            class="text-fyn-ink/30"
          >
            ▼
          </span>
        </button>
      </div>
    </div>
  </div>
  <div
    class="bg-fyn-beige-dark border border-fyn-ink-10 rounded-lg p-5"
  >
    <div
      class="flex items-center justify-between mb-4"
    >
      <h3
        class="text-fyn-ink text-lg font-sans"
      >
        Documents AI CFO Nidhi Recommends You Keep Ready
      </h3>
      <span
        class="text-fyn-gold text-sm fyn-metric"
      >
        6
         of 
        8
         ready (
        75
        %)
      </span>
    </div>
    <div
      class="space-y-2"
    >
      <div
        class="flex items-center gap-3 p-3 bg-fyn-beige rounded-lg hover:bg-fyn-beige-deep transition-colors"
      >
        <span
          class="w-5 h-5 rounded border-2 flex items-center justify-center text-xs bg-[#1A6B3C] border-[#1A6B3C] text-white"
        >
          ✓
        </span>
        <span
          class="flex-1 text-sm font-sans text-fyn-ink"
        >
          Last 3 years GSTR-1/3B filed confirmation
        </span>
        <span
          class="text-[#1A6B3C] text-xs"
        >
          Uploaded
        </span>
      </div>
      <div
        class="flex items-center gap-3 p-3 bg-fyn-beige rounded-lg hover:bg-fyn-beige-deep transition-colors"
      >
        <span
          class="w-5 h-5 rounded border-2 flex items-center justify-center text-xs bg-[#1A6B3C] border-[#1A6B3C] text-white"
        >
          ✓
        </span>
        <span
          class="flex-1 text-sm font-sans text-fyn-ink"
        >
          Bank statements last 12 months
        </span>
        <span
          class="text-[#1A6B3C] text-xs"
        >
          Uploaded
        </span>
      </div>
      <div
        class="flex items-center gap-3 p-3 bg-fyn-beige rounded-lg hover:bg-fyn-beige-deep transition-colors"
      >
        <span
          class="w-5 h-5 rounded border-2 flex items-center justify-center text-xs border-fyn-ink/20"
        />
        <span
          class="flex-1 text-sm font-sans text-fyn-ink/60"
        >
          Purchase register (reconciled with 2B)
        </span>
        <button
          class="text-fyn-red text-xs font-medium hover:underline"
        >
          Upload
        </button>
      </div>
      <div
        class="flex items-center gap-3 p-3 bg-fyn-beige rounded-lg hover:bg-fyn-beige-deep transition-colors"
      >
        <span
          class="w-5 h-5 rounded border-2 flex items-center justify-center text-xs border-fyn-ink/20"
        />
        <span
          class="flex-1 text-sm font-sans text-fyn-ink/60"
        >
          Signed vendor agreements (top 10 vendors)
        </span>
        <button
          class="text-fyn-red text-xs font-medium hover:underline"
        >
          Upload
        </button>
      </div>
      <div
        class="flex items-center gap-3 p-3 bg-fyn-beige rounded-lg hover:bg-fyn-beige-deep transition-colors"
      >
        <span
          class="w-5 h-5 rounded border-2 flex items-center justify-center text-xs bg-[#1A6B3C] border-[#1A6B3C] text-white"
        >
          ✓
        </span>
        <span
          class="flex-1 text-sm font-sans text-fyn-ink"
        >
          Fixed asset register with invoices
        </span>
        <span
          class="text-[#1A6B3C] text-xs"
        >
          Uploaded
        </span>
      </div>
      <div
        class="flex items-center gap-3 p-3 bg-fyn-beige rounded-lg hover:bg-fyn-beige-deep transition-colors"
      >
        <span
          class="w-5 h-5 rounded border-2 flex items-center justify-center text-xs bg-[#1A6B3C] border-[#1A6B3C] text-white"
        >
          ✓
        </span>
        <span
          class="flex-1 text-sm font-sans text-fyn-ink"
        >
          Director KYC documents
        </span>
        <span
          class="text-[#1A6B3C] text-xs"
        >
          Uploaded
        </span>
      </div>
      <div
        class="flex items-center gap-3 p-3 bg-fyn-beige rounded-lg hover:bg-fyn-beige-deep transition-colors"
      >
        <span
          class="w-5 h-5 rounded border-2 flex items-center justify-center text-xs bg-[#1A6B3C] border-[#1A6B3C] text-white"
        >
          ✓
        </span>
        <span
          class="flex-1 text-sm font-sans text-fyn-ink"
        >
          MSME Udyam certificate
        </span>
        <span
          class="text-[#1A6B3C] text-xs"
        >
          Uploaded
        </span>
      </div>
      <div
        class="flex items-center gap-3 p-3 bg-fyn-beige rounded-lg hover:bg-fyn-beige-deep transition-colors"
      >
        <span
          class="w-5 h-5 rounded border-2 flex items-center justify-center text-xs bg-[#1A6B3C] border-[#1A6B3C] text-white"
        >
          ✓
        </span>
        <span
          class="flex-1 text-sm font-sans text-fyn-ink"
        >
          PF/ESIC registration certificate
        </span>
        <span
          class="text-[#1A6B3C] text-xs"
        >
          Uploaded
        </span>
      </div>
    </div>
  </div>
</div>
`;

exports[`Dashboard page snapshots — shared-primitive layout regression > TDSTaxPage (empty state): disconnected banner + 'YOU\\'LL NEED' checklist 1`] = `
<div
  data-testid="dashboard-layout-mock"
>
  <div
    class="grid grid-cols-2 lg:grid-cols-4 gap-4 mb-6"
  >
    <div
      class="bg-fyn-ink rounded-lg p-5"
    >
      <p
        class="text-white/40 text-[13px] fyn-label"
      >
        UPCOMING FILINGS
      </p>
      <p
        class="text-white text-[28px] font-bold mt-1 font-sans"
      >
        0
      </p>
    </div>
    <div
      class="bg-fyn-ink rounded-lg p-5"
    >
      <p
        class="text-white/40 text-[13px] fyn-label"
      >
        OVERDUE FILINGS
      </p>
      <p
        class="text-[28px] font-bold mt-1 font-sans text-white"
      >
        0
      </p>
    </div>
    <div
      class="bg-fyn-ink rounded-lg p-5"
    >
      <p
        class="text-white/40 text-[13px] fyn-label"
      >
        TOTAL TDS DEDUCTED
      </p>
      <p
        class="text-white text-[28px] font-bold mt-1 font-sans"
      >
        ₹0
      </p>
    </div>
    <div
      class="bg-fyn-ink rounded-lg p-5"
    >
      <p
        class="text-white/40 text-[13px] fyn-label"
      >
        TOTAL TDS DEPOSITED
      </p>
      <p
        class="text-white text-[28px] font-bold mt-1 font-sans"
      >
        ₹0
      </p>
    </div>
  </div>
  <div
    class="space-y-3"
  >
    <div
      class="h-24 bg-fyn-beige-dark border border-fyn-ink-10 rounded-lg animate-pulse"
    />
    <div
      class="h-24 bg-fyn-beige-dark border border-fyn-ink-10 rounded-lg animate-pulse"
    />
    <div
      class="h-24 bg-fyn-beige-dark border border-fyn-ink-10 rounded-lg animate-pulse"
    />
  </div>
</div>
`;
